// Jest Snapshot v1, https://goo.gl/fbAQLP

exports[`FourOhFour should render correctly 1`] = `
<section
  className="centeredContainer"
>
  <h1
    className="title"
  >
    Not Found
  </h1>
  <p
    className="description"
  >
    The page you are looking for does not exist
  </p>
</section>
`;
